// Jest Snapshot v1, https://goo.gl/fbAQLP

exports[`Test Note Component  renders appropriate snapshot 1`] = `
<div
  className="Note"
>
  <input
    className="NoteCheckbox"
    defaultChecked={true}
    onChange={[Function]}
    type="checkbox"
  />
  <label
    className="NoteTexttrue"
  >
    Note Test
  </label>
</div>
`;
